// Jest Snapshot v1, https://goo.gl/fbAQLP

exports[`renders correctly 1`] = `
<div
  className="sc-bwzfXH fOTHXW"
>
  <a
    className="sc-bxivhb dHCaOF"
  />
  <span />
</div>
`;
