// Jest Snapshot v1, https://goo.gl/fbAQLP

exports[`renders correctly 1`] = `
<svg
  aria-hidden="true"
  className="sc-bdVaJa ijurAl"
  height="16"
  width="16"
>
  <path
    d="M14 1H2c-.55 0-1 .45-1 1v8c0 .55.45 1 1 1h2v3.5L7.5 11H14c.55 0 1-.45 1-1V2c0-.55-.45-1-1-1zm0 9H7l-2 2v-2H2V2h12v8z"
    fillRule="evenodd"
  />
</svg>
`;
